current directory: /home/abhisheknagare/Desktop/alpha-blog/vendor/bundle/ruby/3.0.0/gems/io-console-0.9.2/ext/io/console
/usr/bin/ruby3.0 -I /usr/lib/ruby/vendor_ruby -r ./siteconf20260817-3951-sohw6x.rb extconf.rb
checking for rb_interned_str_cstr()... yes
checking for rb_ractor_local_storage_value_newkey()... yes
checking for rb_io_descriptor() in ruby/io.h... no
checking for rb_io_path() in ruby/io.h... no
checking for rb_io_closed_p() in ruby/io.h... no
checking for rb_io_open_descriptor() in ruby/io.h... no
checking for termios.h... yes
checking for cfmakeraw() in termios.h... yes
checking for sys/ioctl.h... yes
checking for HAVE_RUBY_FIBER_SCHEDULER_H... no
checking for rb_scheduler_timeout()... no
checking for rb_category_warn()... yes
checking for RB_WARN_CATEGORY_DEPRECATED... yes
checking for ttyname_r()... yes
checking for rb_prepend_module()... yes
creating Makefile

current directory: /home/abhisheknagare/Desktop/alpha-blog/vendor/bundle/ruby/3.0.0/gems/io-console-0.9.2/ext/io/console
make DESTDIR\= clean

current directory: /home/abhisheknagare/Desktop/alpha-blog/vendor/bundle/ruby/3.0.0/gems/io-console-0.9.2/ext/io/console
make DESTDIR\=
compiling console.c
linking shared-object io/console.so

current directory: /home/abhisheknagare/Desktop/alpha-blog/vendor/bundle/ruby/3.0.0/gems/io-console-0.9.2/ext/io/console
make DESTDIR\= install
/usr/bin/install -c -m 0755 console.so ./.gem.20260817-3951-zuw3ml/io
